// Jest Snapshot v1, https://goo.gl/fbAQLP

exports[`Quote Page test Whether Quote page renders 1`] = `
<section
  className="container"
>
  <p
    className="p"
  >
    Mathematics is not about numbers, equations, computations, or algorithms: It is about understanding ---William Paul Thurston
  </p>
</section>
`;
